INFO|1002-071937|1|stats.go:56|8|11|7|0.80|471h8m15s|MAPREDUCE:STATS|currentConnections=0|lifetimeConnections=5
INFO|1002-071938|1|stats.go:56|8|11|7|0.80|471h8m15s|MAPREDUCE:STATS|currentConnections=0|lifetimeConnections=5
INFO|1002-071938|1|stats.go:56|8|11|7|0.80|471h8m16s|MAPREDUCE:STATS|currentConnections=0|lifetimeConnections=5
