for dir in ./cmd/*/; do \
  rm -f -- "$(basename "$dir")"; \
done
Removing .tmp files...
find . -name "*.tmp" -type f -delete
Removing .prof files...
find . -name "*.prof" -type f -delete
go build  -tags '' -o dserver ./cmd/dserver/main.go
go build  -tags '' -o dcat ./cmd/dcat/main.go
go build  -tags '' -o dgrep ./cmd/dgrep/main.go
go build  -tags '' -o dmap ./cmd/dmap/main.go
go build  -tags '' -o dtail ./cmd/dtail/main.go
go build  -tags '' -o dtailhealth ./cmd/dtailhealth/main.go
go build  -tags '' -o dtail-tools ./cmd/dtail-tools/main.go
go clean -testcache
go test -tags '' -race -shuffle=on ./...
ok  	github.com/mimecast/dtail/benchmarks	1.043s
?   	github.com/mimecast/dtail/benchmarks/cmd/generate_profile_data	[no test files]
?   	github.com/mimecast/dtail/benchmarks/cmd/profile_example	[no test files]
?   	github.com/mimecast/dtail/cmd/dcat	[no test files]
?   	github.com/mimecast/dtail/cmd/dgrep	[no test files]
?   	github.com/mimecast/dtail/cmd/dmap	[no test files]
ok  	github.com/mimecast/dtail/cmd/dserver	1.033s
ok  	github.com/mimecast/dtail/cmd/dtail	1.013s
?   	github.com/mimecast/dtail/cmd/dtail-tools	[no test files]
ok  	github.com/mimecast/dtail/cmd/dtailhealth	1.020s
ok  	github.com/mimecast/dtail/integrationtests	28.333s
?   	github.com/mimecast/dtail/internal	[no test files]
ok  	github.com/mimecast/dtail/internal/authkey	1.461s
ok  	github.com/mimecast/dtail/internal/cli	1.026s
ok  	github.com/mimecast/dtail/internal/clients	2.545s
ok  	github.com/mimecast/dtail/internal/clients/clientlog	1.010s
ok  	github.com/mimecast/dtail/internal/clients/connectors	1.149s
ok  	github.com/mimecast/dtail/internal/clients/handlers	1.438s
ok  	github.com/mimecast/dtail/internal/color	1.027s
ok  	github.com/mimecast/dtail/internal/color/brush	1.019s
ok  	github.com/mimecast/dtail/internal/config	1.195s
ok  	github.com/mimecast/dtail/internal/ctxutil	1.035s
ok  	github.com/mimecast/dtail/internal/discovery	1.020s
ok  	github.com/mimecast/dtail/internal/handlers	11.723s
ok  	github.com/mimecast/dtail/internal/io/dlog	1.128s
ok  	github.com/mimecast/dtail/internal/io/dlog/loggers	1.857s
ok  	github.com/mimecast/dtail/internal/io/fs	6.081s
?   	github.com/mimecast/dtail/internal/io/fs/permissions	[no test files]
ok  	github.com/mimecast/dtail/internal/io/fs/readhub	78.317s
ok  	github.com/mimecast/dtail/internal/io/journal	2.099s
ok  	github.com/mimecast/dtail/internal/io/journal/testhelper	2.102s
?   	github.com/mimecast/dtail/internal/io/line	[no test files]
ok  	github.com/mimecast/dtail/internal/io/pool	1.013s
ok  	github.com/mimecast/dtail/internal/io/prompt	1.016s
ok  	github.com/mimecast/dtail/internal/io/signal	1.191s
ok  	github.com/mimecast/dtail/internal/jobs	10.836s
?   	github.com/mimecast/dtail/internal/lcontext	[no test files]
ok  	github.com/mimecast/dtail/internal/logging	1.011s
ok  	github.com/mimecast/dtail/internal/mapr	2.308s
ok  	github.com/mimecast/dtail/internal/mapr/aggregate	1.709s
ok  	github.com/mimecast/dtail/internal/mapr/client	1.031s
ok  	github.com/mimecast/dtail/internal/mapr/funcs	1.028s
ok  	github.com/mimecast/dtail/internal/mapr/logformat	1.085s
?   	github.com/mimecast/dtail/internal/omode	[no test files]
?   	github.com/mimecast/dtail/internal/options	[no test files]
ok  	github.com/mimecast/dtail/internal/profiling	2.157s
ok  	github.com/mimecast/dtail/internal/protocol	1.025s
ok  	github.com/mimecast/dtail/internal/regex	2.782s
ok  	github.com/mimecast/dtail/internal/server	2.727s
ok  	github.com/mimecast/dtail/internal/session	1.016s
ok  	github.com/mimecast/dtail/internal/sessionuser	1.018s
?   	github.com/mimecast/dtail/internal/source	[no test files]
ok  	github.com/mimecast/dtail/internal/ssh	11.372s
ok  	github.com/mimecast/dtail/internal/ssh/client	2.504s
ok  	github.com/mimecast/dtail/internal/ssh/server	1.104s
ok  	github.com/mimecast/dtail/internal/tools/benchmark	1.012s
?   	github.com/mimecast/dtail/internal/tools/common	[no test files]
ok  	github.com/mimecast/dtail/internal/tools/pgo	1.015s
ok  	github.com/mimecast/dtail/internal/tools/profile	1.012s
ok  	github.com/mimecast/dtail/internal/user	1.012s
?   	github.com/mimecast/dtail/internal/version	[no test files]
go clean -testcache
go test -tags '' -race -shuffle=on ./...
ok  	github.com/mimecast/dtail/benchmarks	1.034s
?   	github.com/mimecast/dtail/benchmarks/cmd/generate_profile_data	[no test files]
?   	github.com/mimecast/dtail/benchmarks/cmd/profile_example	[no test files]
?   	github.com/mimecast/dtail/cmd/dcat	[no test files]
?   	github.com/mimecast/dtail/cmd/dgrep	[no test files]
?   	github.com/mimecast/dtail/cmd/dmap	[no test files]
ok  	github.com/mimecast/dtail/cmd/dserver	1.020s
ok  	github.com/mimecast/dtail/cmd/dtail	1.014s
?   	github.com/mimecast/dtail/cmd/dtail-tools	[no test files]
ok  	github.com/mimecast/dtail/cmd/dtailhealth	1.021s
ok  	github.com/mimecast/dtail/integrationtests	343.267s
?   	github.com/mimecast/dtail/internal	[no test files]
ok  	github.com/mimecast/dtail/internal/authkey	1.397s
ok  	github.com/mimecast/dtail/internal/cli	1.031s
ok  	github.com/mimecast/dtail/internal/clients	2.562s
ok  	github.com/mimecast/dtail/internal/clients/clientlog	1.013s
ok  	github.com/mimecast/dtail/internal/clients/connectors	1.184s
ok  	github.com/mimecast/dtail/internal/clients/handlers	1.404s
ok  	github.com/mimecast/dtail/internal/color	1.024s
ok  	github.com/mimecast/dtail/internal/color/brush	1.023s
ok  	github.com/mimecast/dtail/internal/config	1.205s
ok  	github.com/mimecast/dtail/internal/ctxutil	1.035s
ok  	github.com/mimecast/dtail/internal/discovery	1.017s
ok  	github.com/mimecast/dtail/internal/handlers	11.142s
ok  	github.com/mimecast/dtail/internal/io/dlog	1.129s
ok  	github.com/mimecast/dtail/internal/io/dlog/loggers	1.827s
ok  	github.com/mimecast/dtail/internal/io/fs	5.820s
?   	github.com/mimecast/dtail/internal/io/fs/permissions	[no test files]
ok  	github.com/mimecast/dtail/internal/io/fs/readhub	81.233s
ok  	github.com/mimecast/dtail/internal/io/journal	1.929s
ok  	github.com/mimecast/dtail/internal/io/journal/testhelper	2.154s
?   	github.com/mimecast/dtail/internal/io/line	[no test files]
ok  	github.com/mimecast/dtail/internal/io/pool	1.010s
ok  	github.com/mimecast/dtail/internal/io/prompt	1.012s
ok  	github.com/mimecast/dtail/internal/io/signal	1.226s
ok  	github.com/mimecast/dtail/internal/jobs	9.036s
?   	github.com/mimecast/dtail/internal/lcontext	[no test files]
ok  	github.com/mimecast/dtail/internal/logging	1.014s
ok  	github.com/mimecast/dtail/internal/mapr	2.242s
ok  	github.com/mimecast/dtail/internal/mapr/aggregate	1.806s
ok  	github.com/mimecast/dtail/internal/mapr/client	1.024s
ok  	github.com/mimecast/dtail/internal/mapr/funcs	1.013s
ok  	github.com/mimecast/dtail/internal/mapr/logformat	1.078s
?   	github.com/mimecast/dtail/internal/omode	[no test files]
?   	github.com/mimecast/dtail/internal/options	[no test files]
ok  	github.com/mimecast/dtail/internal/profiling	1.972s
ok  	github.com/mimecast/dtail/internal/protocol	1.020s
ok  	github.com/mimecast/dtail/internal/regex	2.487s
ok  	github.com/mimecast/dtail/internal/server	2.692s
ok  	github.com/mimecast/dtail/internal/session	1.015s
ok  	github.com/mimecast/dtail/internal/sessionuser	1.025s
?   	github.com/mimecast/dtail/internal/source	[no test files]
ok  	github.com/mimecast/dtail/internal/ssh	12.762s
ok  	github.com/mimecast/dtail/internal/ssh/client	2.377s
ok  	github.com/mimecast/dtail/internal/ssh/server	1.102s
ok  	github.com/mimecast/dtail/internal/tools/benchmark	1.021s
?   	github.com/mimecast/dtail/internal/tools/common	[no test files]
ok  	github.com/mimecast/dtail/internal/tools/pgo	1.017s
ok  	github.com/mimecast/dtail/internal/tools/profile	1.029s
ok  	github.com/mimecast/dtail/internal/user	1.022s
?   	github.com/mimecast/dtail/internal/version	[no test files]
go vet -tags '' ./...
golangci-lint run --build-tags '' ./...
0 issues.
