1,follow,preplan
# dserver port 24900
# generating /tmp/dtail-3a-4GFdYdUn/shared-final/preplan/data/normal_104857600.log
# generating /tmp/dtail-3a-4GFdYdUn/shared-final/preplan/data/stats_104857600.log
follow-burst,plain,on,1,4,4.71,16.76,n/a,n/a,4,2,0.17,yes
follow-burst,plain,off,1,4,4.85,17.33,n/a,n/a,0,0,0.48,yes
1,follow,latest-baseline
# dserver port 24900
# generating /tmp/dtail-3a-4GFdYdUn/shared-final/latest-baseline/data/normal_104857600.log
# generating /tmp/dtail-3a-4GFdYdUn/shared-final/latest-baseline/data/stats_104857600.log
follow-burst,plain,on,1,4,4.68,16.78,n/a,n/a,4,2,0.80,yes
follow-burst,plain,off,1,4,4.79,16.87,n/a,n/a,0,0,2.82,yes
1,follow,final
# dserver port 24900
# generating /tmp/dtail-3a-4GFdYdUn/shared-final/final/data/normal_104857600.log
# generating /tmp/dtail-3a-4GFdYdUn/shared-final/final/data/stats_104857600.log
# machine busy (load 2.68), waiting 60s
# machine busy (load 1.10), waiting 60s
follow-burst,plain,on,1,4,4.68,16.94,n/a,n/a,4,2,0.40,yes
follow-burst,plain,off,1,4,4.84,17.00,n/a,n/a,0,0,0.45,yes
1,follow-paced,preplan
# dserver port 24900
follow-paced,plain,on,1,4,12.69,29.02,n/a,n/a,0,1,0.90,yes
# machine busy (load 1.29), waiting 60s
follow-paced,plain,off,1,4,12.50,25.67,n/a,n/a,0,0,0.47,yes
1,follow-paced,latest-baseline
# dserver port 24900
# machine busy (load 1.26), waiting 60s
follow-paced,plain,on,1,4,12.52,29.63,n/a,n/a,0,1,0.49,yes
follow-paced,plain,off,1,4,12.81,27.07,n/a,n/a,0,0,0.71,yes
1,follow-paced,final
# dserver port 24900
follow-paced,plain,on,1,4,12.68,29.10,n/a,n/a,0,1,0.78,yes
follow-paced,plain,off,1,4,12.56,26.52,n/a,n/a,0,0,0.92,yes
1,scheduled,preplan
# dserver port 24900
# machine busy (load 1.00), waiting 60s
scheduled,plain,on,1,4,0.88,3.33,n/a,n/a,0,1,0.54,yes
scheduled,plain,off,1,4,3.13,3.11,n/a,n/a,0,0,0.50,yes
1,scheduled,latest-baseline
# dserver port 24900
scheduled,plain,on,1,4,0.84,3.38,n/a,n/a,0,1,0.54,yes
scheduled,plain,off,1,4,3.10,3.14,n/a,n/a,0,0,0.81,yes
1,scheduled,final
# dserver port 24900
scheduled,plain,on,1,4,0.87,3.29,n/a,n/a,0,1,0.91,yes
scheduled,plain,off,1,4,3.09,3.06,n/a,n/a,0,0,0.91,yes
1,scheduled-gz,preplan
# dserver port 24900
scheduled,gz,on,1,4,0.83,3.37,n/a,n/a,0,1,0.84,yes
scheduled,gz,off,1,4,3.30,3.25,n/a,n/a,0,0,0.85,yes
1,scheduled-gz,latest-baseline
# dserver port 24900
scheduled,gz,on,1,4,0.88,3.38,n/a,n/a,0,1,0.86,yes
# machine busy (load 1.03), waiting 60s
scheduled,gz,off,1,4,3.44,3.46,n/a,n/a,0,0,0.42,yes
1,scheduled-gz,final
# dserver port 24900
scheduled,gz,on,1,4,1.07,4.15,n/a,n/a,0,1,0.47,yes
scheduled,gz,off,1,4,3.31,3.31,n/a,n/a,0,0,0.83,yes
2,follow,latest-baseline
# dserver port 24900
follow-burst,plain,off,2,4,4.68,16.84,n/a,n/a,0,0,0.93,yes
# machine busy (load 1.33), waiting 60s
follow-burst,plain,on,2,4,4.80,16.94,n/a,n/a,4,2,0.49,yes
2,follow,preplan
# dserver port 24900
follow-burst,plain,off,2,4,4.78,16.98,n/a,n/a,0,0,0.85,yes
# machine busy (load 1.10), waiting 60s
follow-burst,plain,on,2,4,4.65,16.77,n/a,n/a,4,2,0.40,yes
2,follow,final
# dserver port 24900
follow-burst,plain,off,2,4,4.78,16.89,n/a,n/a,0,0,0.77,yes
# machine busy (load 1.19), waiting 60s
follow-burst,plain,on,2,4,4.77,16.95,n/a,n/a,4,2,0.43,yes
2,follow-paced,latest-baseline
# dserver port 24900
follow-paced,plain,off,2,4,12.58,26.71,n/a,n/a,0,0,0.80,yes
# machine busy (load 1.29), waiting 60s
follow-paced,plain,on,2,4,12.39,29.40,n/a,n/a,0,1,0.54,yes
2,follow-paced,preplan
# dserver port 24900
# machine busy (load 1.24), waiting 60s
follow-paced,plain,off,2,4,12.78,27.07,n/a,n/a,0,0,0.61,yes
follow-paced,plain,on,2,4,12.70,28.57,n/a,n/a,0,1,0.75,yes
2,follow-paced,final
# dserver port 24900
follow-paced,plain,off,2,4,12.87,27.01,n/a,n/a,0,0,0.71,yes
follow-paced,plain,on,2,4,12.19,29.21,n/a,n/a,0,1,0.62,yes
2,scheduled,latest-baseline
# dserver port 24900
scheduled,plain,off,2,4,3.22,3.18,n/a,n/a,0,0,0.64,yes
scheduled,plain,on,2,4,0.90,3.34,n/a,n/a,0,1,0.59,yes
2,scheduled,preplan
# dserver port 24900
scheduled,plain,off,2,4,3.22,3.14,n/a,n/a,0,0,0.59,yes
scheduled,plain,on,2,4,0.89,3.38,n/a,n/a,0,1,0.54,yes
2,scheduled,final
# dserver port 24900
scheduled,plain,off,2,4,3.12,3.14,n/a,n/a,0,0,0.50,yes
scheduled,plain,on,2,4,0.91,3.29,n/a,n/a,0,1,0.62,yes
2,scheduled-gz,latest-baseline
# dserver port 24900
scheduled,gz,off,2,4,3.40,3.39,n/a,n/a,0,0,0.57,yes
scheduled,gz,on,2,4,0.89,3.39,n/a,n/a,0,1,0.60,yes
2,scheduled-gz,preplan
# dserver port 24900
scheduled,gz,off,2,4,3.34,3.34,n/a,n/a,0,0,0.87,yes
scheduled,gz,on,2,4,0.89,3.34,n/a,n/a,0,1,0.88,yes
2,scheduled-gz,final
# dserver port 24900
scheduled,gz,off,2,4,3.33,3.26,n/a,n/a,0,0,0.88,yes
scheduled,gz,on,2,4,0.87,3.30,n/a,n/a,0,1,0.83,yes
3,follow,final
# dserver port 24900
follow-burst,plain,on,3,4,4.67,16.91,n/a,n/a,4,2,0.83,yes
# machine busy (load 1.24), waiting 60s
follow-burst,plain,off,3,4,4.70,16.83,n/a,n/a,0,0,0.57,yes
3,follow,preplan
# dserver port 24900
follow-burst,plain,on,3,4,4.67,17.04,n/a,n/a,4,2,0.84,yes
# machine busy (load 1.18), waiting 60s
follow-burst,plain,off,3,4,5.08,17.14,n/a,n/a,0,0,0.50,yes
3,follow,latest-baseline
# dserver port 24900
follow-burst,plain,on,3,4,4.69,16.85,n/a,n/a,4,2,0.86,yes
# machine busy (load 1.27), waiting 60s
follow-burst,plain,off,3,4,4.77,17.02,n/a,n/a,0,0,0.65,yes
3,follow-paced,final
# dserver port 24900
follow-paced,plain,on,3,4,12.38,29.32,n/a,n/a,0,1,0.92,yes
# machine busy (load 1.36), waiting 60s
follow-paced,plain,off,3,4,12.60,26.43,n/a,n/a,0,0,0.50,yes
3,follow-paced,preplan
# dserver port 24900
follow-paced,plain,on,3,4,12.60,29.06,n/a,n/a,0,1,0.89,yes
# machine busy (load 1.37), waiting 60s
follow-paced,plain,off,3,4,11.50,23.64,n/a,n/a,0,0,0.54,yes
3,follow-paced,latest-baseline
# dserver port 24900
follow-paced,plain,on,3,4,11.59,29.70,n/a,n/a,0,1,0.64,yes
# machine busy (load 1.07), waiting 60s
follow-paced,plain,off,3,4,12.40,26.60,n/a,n/a,0,0,0.47,yes
3,scheduled,final
# dserver port 24900
scheduled,plain,on,3,4,0.91,3.19,n/a,n/a,0,1,0.71,yes
scheduled,plain,off,3,4,3.11,3.07,n/a,n/a,0,0,0.71,yes
3,scheduled,preplan
# dserver port 24900
scheduled,plain,on,3,4,0.91,3.30,n/a,n/a,0,1,0.65,yes
scheduled,plain,off,3,4,3.10,3.09,n/a,n/a,0,0,0.60,yes
3,scheduled,latest-baseline
# dserver port 24900
scheduled,plain,on,3,4,0.88,3.37,n/a,n/a,0,1,0.63,yes
scheduled,plain,off,3,4,3.12,3.11,n/a,n/a,0,0,0.90,yes
3,scheduled-gz,final
# dserver port 24900
scheduled,gz,on,3,4,0.88,3.30,n/a,n/a,0,1,0.91,yes
scheduled,gz,off,3,4,3.32,3.24,n/a,n/a,0,0,0.91,yes
3,scheduled-gz,preplan
# dserver port 24900
scheduled,gz,on,3,4,0.89,3.40,n/a,n/a,0,1,0.92,yes
scheduled,gz,off,3,4,3.41,3.38,n/a,n/a,0,0,0.85,yes
3,scheduled-gz,latest-baseline
# dserver port 24900
scheduled,gz,on,3,4,0.88,3.35,n/a,n/a,0,1,0.94,yes
scheduled,gz,off,3,4,3.41,3.36,n/a,n/a,0,0,0.86,yes
4,follow,preplan
# dserver port 24900
follow-burst,plain,off,4,4,4.77,17.07,n/a,n/a,0,0,0.87,yes
# machine busy (load 1.28), waiting 60s
follow-burst,plain,on,4,4,4.69,16.75,n/a,n/a,4,2,0.68,yes
4,follow,final
# dserver port 24900
# machine busy (load 1.18), waiting 60s
follow-burst,plain,off,4,4,4.69,16.90,n/a,n/a,0,0,0.48,yes
follow-burst,plain,on,4,4,4.66,16.93,n/a,n/a,4,2,0.76,yes
4,follow,latest-baseline
# dserver port 24900
# machine busy (load 1.02), waiting 60s
follow-burst,plain,off,4,4,4.79,17.03,n/a,n/a,0,0,0.37,yes
follow-burst,plain,on,4,4,6.08,21.34,n/a,n/a,4,2,0.66,yes
4,follow-paced,preplan
# dserver port 24900
# machine busy (load 1.01), waiting 60s
follow-paced,plain,off,4,4,12.38,26.50,n/a,n/a,0,0,0.50,yes
follow-paced,plain,on,4,4,11.60,29.47,n/a,n/a,0,1,0.74,yes
4,follow-paced,final
# dserver port 24900
follow-paced,plain,off,4,4,12.38,26.08,n/a,n/a,0,0,0.92,yes
# machine busy (load 1.13), waiting 60s
follow-paced,plain,on,4,4,11.80,29.27,n/a,n/a,0,1,0.46,yes
4,follow-paced,latest-baseline
# dserver port 24900
# machine busy (load 1.00), waiting 60s
follow-paced,plain,off,4,4,12.38,26.50,n/a,n/a,0,0,0.37,yes
# machine busy (load 1.06), waiting 60s
follow-paced,plain,on,4,4,11.99,28.67,n/a,n/a,0,1,0.66,yes
4,scheduled,preplan
# dserver port 24900
# machine busy (load 1.15), waiting 60s
scheduled,plain,off,4,4,3.10,3.12,n/a,n/a,0,0,0.48,yes
scheduled,plain,on,4,4,0.87,3.35,n/a,n/a,0,1,0.56,yes
4,scheduled,final
# dserver port 24900
scheduled,plain,off,4,4,3.09,3.10,n/a,n/a,0,0,0.56,yes
scheduled,plain,on,4,4,0.90,3.25,n/a,n/a,0,1,0.52,yes
4,scheduled,latest-baseline
# dserver port 24900
scheduled,plain,off,4,4,3.21,3.15,n/a,n/a,0,0,0.47,yes
scheduled,plain,on,4,4,0.91,3.37,n/a,n/a,0,1,0.52,yes
4,scheduled-gz,preplan
# dserver port 24900
scheduled,gz,off,4,4,3.31,3.34,n/a,n/a,0,0,0.88,yes
scheduled,gz,on,4,4,0.92,3.37,n/a,n/a,0,1,0.89,yes
4,scheduled-gz,final
# dserver port 24900
scheduled,gz,off,4,4,3.20,3.21,n/a,n/a,0,0,0.89,yes
scheduled,gz,on,4,4,0.93,3.24,n/a,n/a,0,1,0.90,yes
4,scheduled-gz,latest-baseline
# dserver port 24900
scheduled,gz,off,4,4,3.33,3.34,n/a,n/a,0,0,0.90,yes
scheduled,gz,on,4,4,0.87,3.28,n/a,n/a,0,1,0.99,yes
5,follow,latest-baseline
# dserver port 24900
follow-burst,plain,on,5,4,4.69,16.80,n/a,n/a,4,2,0.99,yes
# machine busy (load 1.39), waiting 60s
follow-burst,plain,off,5,4,4.67,17.03,n/a,n/a,0,0,0.58,yes
5,follow,final
# dserver port 24900
follow-burst,plain,on,5,4,4.69,16.96,n/a,n/a,4,2,0.93,yes
# machine busy (load 1.18), waiting 60s
follow-burst,plain,off,5,4,4.67,16.93,n/a,n/a,0,0,0.51,yes
5,follow,preplan
# dserver port 24900
follow-burst,plain,on,5,4,4.68,16.77,n/a,n/a,4,2,0.79,yes
# machine busy (load 1.04), waiting 60s
follow-burst,plain,off,5,4,4.66,16.95,n/a,n/a,0,0,0.70,yes
5,follow-paced,latest-baseline
# dserver port 24900
# machine busy (load 1.36), waiting 60s
follow-paced,plain,on,5,4,11.80,29.56,n/a,n/a,0,1,0.50,yes
follow-paced,plain,off,5,4,12.37,26.01,n/a,n/a,0,0,0.72,yes
5,follow-paced,final
# dserver port 24900
# machine busy (load 1.00), waiting 60s
follow-paced,plain,on,5,4,11.69,28.71,n/a,n/a,0,1,0.37,yes
follow-paced,plain,off,5,4,12.46,26.32,n/a,n/a,0,0,0.60,yes
5,follow-paced,preplan
# dserver port 24900
follow-paced,plain,on,5,4,11.84,27.38,n/a,n/a,0,1,0.79,yes
follow-paced,plain,off,5,4,12.13,24.67,n/a,n/a,0,0,0.97,yes
5,scheduled,latest-baseline
# dserver port 24900
scheduled,plain,on,5,4,1.49,3.49,n/a,n/a,0,1,0.82,yes
# machine busy (load 1.39), waiting 60s
# machine busy (load 1.62), waiting 60s
scheduled,plain,off,5,4,3.23,3.15,n/a,n/a,0,0,0.66,yes
5,scheduled,final
# dserver port 24900
scheduled,plain,on,5,4,0.91,3.21,n/a,n/a,0,1,0.68,yes
scheduled,plain,off,5,4,3.21,3.17,n/a,n/a,0,0,0.68,yes
5,scheduled,preplan
# dserver port 24900
scheduled,plain,on,5,4,0.86,3.30,n/a,n/a,0,1,0.66,yes
scheduled,plain,off,5,4,3.19,3.15,n/a,n/a,0,0,0.66,yes
5,scheduled-gz,latest-baseline
# dserver port 24900
scheduled,gz,on,5,4,0.86,3.45,n/a,n/a,0,1,0.61,yes
scheduled,gz,off,5,4,3.43,3.36,n/a,n/a,0,0,0.64,yes
5,scheduled-gz,final
# dserver port 24900
scheduled,gz,on,5,4,0.89,3.23,n/a,n/a,0,1,0.67,yes
scheduled,gz,off,5,4,3.19,3.21,n/a,n/a,0,0,0.61,yes
5,scheduled-gz,preplan
# dserver port 24900
scheduled,gz,on,5,4,0.89,3.40,n/a,n/a,0,1,0.64,yes
scheduled,gz,off,5,4,3.43,3.37,n/a,n/a,0,0,0.64,yes
6,follow,final
# dserver port 24900
follow-burst,plain,off,6,4,4.69,16.75,n/a,n/a,0,0,0.62,yes
follow-burst,plain,on,6,4,4.68,16.81,n/a,n/a,4,2,0.98,yes
6,follow,latest-baseline
# dserver port 24900
# machine busy (load 1.30), waiting 60s
follow-burst,plain,off,6,4,4.68,16.84,n/a,n/a,0,0,0.57,yes
follow-burst,plain,on,6,4,4.67,16.79,n/a,n/a,4,2,0.84,yes
6,follow,preplan
# dserver port 24900
# machine busy (load 1.09), waiting 60s
follow-burst,plain,off,6,4,4.68,16.86,n/a,n/a,0,0,0.54,yes
follow-burst,plain,on,6,4,4.78,16.86,n/a,n/a,4,2,0.98,yes
6,follow-paced,final
# dserver port 24900
# machine busy (load 1.22), waiting 60s
follow-paced,plain,off,6,4,12.27,26.22,n/a,n/a,0,0,0.54,yes
# machine busy (load 1.15), waiting 60s
follow-paced,plain,on,6,4,11.87,29.12,n/a,n/a,0,1,0.45,yes
6,follow-paced,latest-baseline
# dserver port 24900
follow-paced,plain,off,6,4,12.59,26.54,n/a,n/a,0,0,0.85,yes
# machine busy (load 1.04), waiting 60s
follow-paced,plain,on,6,4,12.88,28.74,n/a,n/a,0,1,0.42,yes
6,follow-paced,preplan
# dserver port 24900
# machine busy (load 1.00), waiting 60s
follow-paced,plain,off,6,4,12.49,26.55,n/a,n/a,0,0,0.50,yes
# machine busy (load 1.08), waiting 60s
follow-paced,plain,on,6,4,11.98,29.28,n/a,n/a,0,1,0.39,yes
6,scheduled,final
# dserver port 24900
scheduled,plain,off,6,4,3.11,3.08,n/a,n/a,0,0,0.95,yes
scheduled,plain,on,6,4,0.89,3.31,n/a,n/a,0,1,0.87,yes
6,scheduled,latest-baseline
# dserver port 24900
scheduled,plain,off,6,4,3.22,3.21,n/a,n/a,0,0,0.96,yes
# machine busy (load 1.05), waiting 60s
scheduled,plain,on,6,4,0.87,3.34,n/a,n/a,0,1,0.49,yes
6,scheduled,preplan
# dserver port 24900
scheduled,plain,off,6,4,3.12,3.12,n/a,n/a,0,0,0.93,yes
scheduled,plain,on,6,4,0.86,3.38,n/a,n/a,0,1,0.94,yes
6,scheduled-gz,final
# dserver port 24900
scheduled,gz,off,6,4,3.22,3.23,n/a,n/a,0,0,0.94,yes
# machine busy (load 1.10), waiting 60s
scheduled,gz,on,6,4,0.89,3.24,n/a,n/a,0,1,0.40,yes
6,scheduled-gz,latest-baseline
# dserver port 24900
scheduled,gz,off,6,4,3.31,3.34,n/a,n/a,0,0,0.45,yes
scheduled,gz,on,6,4,0.86,3.39,n/a,n/a,0,1,0.50,yes
6,scheduled-gz,preplan
# dserver port 24900
scheduled,gz,off,6,4,3.30,3.35,n/a,n/a,0,0,0.46,yes
scheduled,gz,on,6,4,0.91,3.40,n/a,n/a,0,1,0.50,yes
/tmp/dtail-3a-4GFdYdUn/preplan/dserver: OK
/tmp/dtail-3a-4GFdYdUn/preplan/dtail: OK
/tmp/dtail-3a-4GFdYdUn/latest-baseline/dserver: OK
/tmp/dtail-3a-4GFdYdUn/latest-baseline/dtail: OK
/tmp/dtail-3a-4GFdYdUn/final-5a/dserver: OK
/tmp/dtail-3a-4GFdYdUn/final-5a/dtail: OK
All within-build and cross-build output checks passed.
